[backblue.gif]
[fade.gif]
[index.html]
[localhost_50000/debugger-inspect.png]
[localhost_50000/jquery-2.0.0.min.js]
[localhost_50000/pathfind.js]
[localhost_50000/common_prelude.js]
[localhost_50000/preview_prelude.js]
[localhost_50000/shaders.js]
[localhost_50000/glwrap.js]
[localhost_50000/Arr_common.js]
[localhost_50000/Arr_plugin.js]
[localhost_50000/Mouse_common.js]
[localhost_50000/Mouse_plugin.js]
[localhost_50000/NinePatch_common.js]
[localhost_50000/NinePatch_plugin.js]
[localhost_50000/Particles_common.js]
[localhost_50000/Particles_plugin.js]
[localhost_50000/Sprite_common.js]
[localhost_50000/Sprite_plugin.js]
[localhost_50000/TiledBg_common.js]
[localhost_50000/TiledBg_plugin.js]
[localhost_50000/Touch_common.js]
[localhost_50000/Touch_plugin.js]
[localhost_50000/Bullet_common.js]
[localhost_50000/Bullet_behavior.js]
[localhost_50000/Fade_common.js]
[localhost_50000/Fade_behavior.js]
[localhost_50000/Pathfinding_common.js]
[localhost_50000/Pathfinding_behavior.js]
[localhost_50000/Pin_common.js]
[localhost_50000/Pin_behavior.js]
[localhost_50000/Timer_common.js]
[localhost_50000/Timer_behavior.js]
[localhost_50000/Turret_common.js]
[localhost_50000/Turret_behavior.js]
[localhost_50000/destroy_common.js]
[localhost_50000/destroy_behavior.js]
[localhost_50000/solid_common.js]
[localhost_50000/solid_behavior.js]
[localhost_50000/data.js]
[localhost_50000/preview.js]
[localhost_50000/layout.js]
[localhost_50000/eveng.js]
[localhost_50000/expressions.js]
[localhost_50000/system.js]
[localhost_50000/commonace.js]
[localhost_50000/index.html]
